// Jest Snapshot v1, https://goo.gl/fbAQLP

exports[`YoutubePlayer renders 1`] = `null`;
